/u_enc_top/u_enc_core/u_ime_top_buf/u_ime_top/ime_sad_array/ime_sad_array__GB7:739977865
/u_enc_top/u_fetch_top/u_cur_luma/cur_p02:2843311107
/u_enc_top/u_enc_core/u_posi_top_buf/u_posi_top/posi_prediction/intra_pred/intra_pred__GBM1:1068968716
/u_enc_top/u_enc_core/u_rec_top/u_tq_top/q_iq_0/q_iq__GC0:4075947457
/u_enc_top/u_enc_core/u_ime_top_buf/u_ime_top/ime_ver_mem/vertical_memory/sram_sp_be_behave/case__1867_sram_sp_be_behave__parameterized1__GD:3143062601
/u_enc_top/h265enc_top__GC0:1364316535
/u_enc_top/u_enc_core/u_fme_top_buf/u_fme_top/satd_gen/sp7:942815983
/u_enc_top/u_enc_core/u_rec_top/u_tq_top/dct_2d/u_re/re_level0_int/u09_level0_cal:3758033992
/u_enc_top/u_enc_core/u_posi_top_buf/u_posi_top/posi_reference/posi_reference__GB1:1214366231
/u_enc_top/u_enc_core/u_rec_top/u_tq_top/dct_2d/u_be/be__GC0:2013916314
/u_enc_top/u_enc_core/u_rec_top/u_tq_top/dct_2d/u_re/re_level1_int/re_level1__GB1:3177348827
/u_enc_top/u_enc_core/u_fme_top_buf/u_fme_top/satd_gen/sp6:942815983
/u_enc_top/u_enc_core/u_ime_top_buf/u_ime_top/ime_sad_array/ime_sad_array__GB6:1528568351
/u_enc_top/u_enc_core/u_ime_top_buf/u_ime_top/ime_cost_store/ime_cost_store__GB1:2906454567
/u_enc_top/u_enc_core/u_rec_top/u_tq_top/q_iq_0/quan_0/quan__GB2:2889798939
/u_enc_top/u_enc_core/u_dbsao_top/u_sao_top/sao_top__GB0:3539231470
/u_enc_top/u_enc_core/u_rec_top/u_tq_top/dct_2d/u_re/re_level0_int/re_level0__GCB5:917113146
/u_enc_top/u_enc_core/u_ime_top_buf/u_ime_top/ime_ori_dat_array:3328981840
/u_enc_top/u_fetch_top/u_ref_luma/fetch_ref_luma__GB2:1864185962
/u_enc_top/u_enc_core/u_cabac_top/cabac_prepare_se/cabac_se_prepare__GB0:2433764878
/u_enc_top/u_fetch_top/u_cur_luma/cur_i04:2843311107
/u_enc_top/u_enc_core/u_fme_top_buf/u_fme_top/u_fme_skip/fme_skip__GC0:2396356243
/u_enc_top/u_enc_core/u_ime_top_buf/u_ime_top/ime_sad_array/ime_sad_array__GB8:3164878616
/u_enc_top/u_enc_core/u_fme_top_buf/u_fme_top/ip8x8/quarter_verical_interpolator/fme_ip_quarter_ver__GB1:1942157308
/u_enc_top/u_enc_core/u_rec_top/u_rec_buf_wrapper/u_buf_cef_rot/u_buf_cef_c/m_buf_cef_1:518212181
/u_enc_top/u_enc_core/u_rec_top/u_intra_top/intra_top__GC0:3931779446
/u_enc_top/u_enc_core/u_ime_top_buf/u_ime_top/ime_ver_mem/vertical_memory/sram_sp_be_behave/case__1864_sram_sp_be_behave__parameterized1__GD:1758218418
/u_enc_top/u_enc_core/u_fme_top_buf/u_fme_top/satd_gen/sp3:942815983
/u_enc_top/u_enc_core/u_rec_top/u_rec_buf_wrapper/u_buf_cef_rot/u_buf_cef_b/m_buf_cef_3:518212181
/u_enc_top/u_enc_core/u_ime_top_buf/u_ime_top/ime_sad_array/ime_sad_array__GB5:3256175525
/u_enc_top/u_enc_core/u_fme_top_buf/u_fme_top/fme_top__GC0:1114426189
/u_enc_top/u_enc_core/u_rec_top/u_rec_buf_wrapper/u_buf_cef_rot/u_buf_cef_a/m_buf_cef_0:518212181
/u_enc_top/u_enc_core/u_rec_top/u_tq_top/dct_2d/u_re/re_level0_int/re_level0__GCB0:1187052981
/u_enc_top/u_fetch_top/fetch_top__GCB1:3491306909
/u_enc_top/u_enc_core/u_rec_top/u_tq_top/q_iq_0/quan_0/quan__GB0:1110488119
/u_enc_top/u_enc_core/u_dbsao_top/dbsao_datapath/dbsao_datapath__GB3:1102830019
/u_enc_top/u_fetch_top/u_cur_luma/cur_ime01:2843311107
/u_enc_top/u_enc_core/u_rec_top/u_tq_top/dct_2d/u_re/re_level0_int/u08_level0_cal:3758033992
/u_enc_top/u_enc_core/u_rec_top/u_tq_top/dct_2d/u_re/re_level0_int/u15_level0_cal:3758033992
/u_enc_top/u_enc_core/u_rec_top/u_rec_buf_wrapper/u_buf_cef_rot/u_buf_cef_a/rec_buf_cef__GCM0:2140302726
/u_enc_top/u_enc_core/u_ime_top_buf/u_ime_top/ime_ver_mem/vertical_memory/sram_sp_be_behave/sram_sp_be_behave__parameterized1__GB5:2783592357
/u_enc_top/u_enc_core/u_ime_top_buf/u_ime_top/ime_sad_array/ime_sad_array__GB13:2948598195
/u_enc_top/u_fetch_top/u_cur_luma/cur_i01:2843311107
/u_enc_top/u_enc_core/u_ime_top_buf/u_ime_top/ime_cost_store/ime_cost_store__GB2:875932573
/u_enc_top/u_enc_core/u_ime_top_buf/u_ime_top/ime_ver_mem/ime_ver_mem__GC0:2733179874
/u_enc_top/u_enc_core/u_fme_top_buf/fme_top_buf__GC0:4066053215
/u_enc_top/u_enc_core/u_posi_top_buf/u_posi_top/posi_prediction/posi_prediction__GC0:923334398
/u_enc_top/u_enc_core/u_rec_top/u_tq_top/dct_2d/u_re/re_level0_int/re_level0__GCB1:835177763
/u_enc_top/u_enc_core/u_rec_top/u_tq_top/dct_2d/u_re/re_level0_int/u03_level0_cal:3758033992
/u_enc_top/u_enc_core/u_rec_top/u_tq_top/dct_2d/dct_top_2d__GCB0:1601189991
/u_enc_top/u_enc_core/u_ime_top_buf/u_ime_top/ime_ref_dat_array:3328981840
/u_enc_top/u_enc_core/u_rec_top/u_tq_top/dct_2d/u_re/re_level0_int/re_level0__GCB2:2832112793
/u_enc_top/u_enc_core/u_rec_top/u_intra_top/u_intra_pred_b/intra_pred__GBM1:1068968716
/u_enc_top/u_enc_core/u_dbsao_top/dbsao_datapath/dbsao_datapath__GB1:2947922159
/hdmi2yuv_top/hdmi2rgb/uicfg7611/uicfg7611__GC0:2335372317
/u_enc_top/u_fetch_top/u_ref_luma/fetch_ref_luma__GB0:2165528902
/u_enc_top/u_enc_core/u_ime_top_buf/u_ime_top/ime_cost_store/ime_cost_store__GB0:3661351601
/u_enc_top/u_enc_core/u_ime_top_buf/u_ime_top/ime_sad_array/ime_sad_array__GB1:3313012668
/u_enc_top/u_enc_core/u_ime_top_buf/u_ime_top/ime_ver_mem/vertical_memory/sram_sp_be_behave/case__1871_sram_sp_be_behave__parameterized1__GD:1750399417
/u_enc_top/u_enc_core/u_cabac_top/ucontext/cabac_ucontext__GB0:1047276330
/u_enc_top/u_enc_core/u_ime_top_buf/u_ime_top/ime_ver_mem/vertical_memory/sram_sp_be_behave/case__1868_sram_sp_be_behave__parameterized1__GD:2420258780
/u_enc_top/u_enc_core/u_fme_top_buf/u_fme_top/satd_gen/sp8:3147622754
/u_enc_top/u_fetch_top/u_cur_luma/cur_ime00:2843311107
/u_enc_top/u_enc_core/u_ime_top_buf/u_ime_top/ime_sad_array/ime_sad_array__GB4:3037887283
/u_enc_top/u_fetch_top/u_cur_luma/cur_i00:2843311107
/u_enc_top/u_enc_core/u_ime_top_buf/u_ime_top/ime_cost_store/ime_cost_store__GB5:2857451070
/u_enc_top/u_enc_core/u_rec_top/u_tq_top/tq_top__GC0:1857007354
/u_enc_top/u_enc_core/u_fme_top_buf/u_fme_top/ip8x8/half_vertical_interpolator/fme_ip_half_ver__GB1:316788097
/u_enc_top/u_enc_core/u_cabac_top/cabac_top__GCB2:3099794795
/u_enc_top/u_enc_core/u_ime_top_buf/u_ime_top/ime_ver_mem/vertical_memory/sram_sp_be_behave/case__1873_sram_sp_be_behave__parameterized1__GD:4115066603
/u_enc_top/u_enc_core/u_rec_top/u_tq_top/dct_2d/u_re/re_level0_int/u06_level0_cal:3758033992
/u_enc_top/u_enc_core/u_ime_top_buf/u_ime_top/ime_ver_mem/vertical_memory/sram_sp_be_behave/case__1877_sram_sp_be_behave__parameterized1__GD:336840206
/u_enc_top/u_fetch_top/u_db/fetch_db__GC0:2511680171
/u_enc_top/u_fetch_top/u_cur_luma/cur_p01:2843311107
/u_enc_top/u_enc_core/u_rec_top/u_intra_top/u_intra_pred_b/intra_pred__GBM0:1219500954
/u_enc_top/u_enc_core/u_rec_top/u_tq_top/dct_2d/u_re/re__GC0:534212692
/u_enc_top/u_enc_core/u_rec_top/u_rec_buf_wrapper/rec_buf_wrapper__GCB2:1913882101
/u_enc_top/u_enc_core/u_fme_top_buf/fme_rec_mem_1:949805689
/u_enc_top/u_enc_core/u_rec_top/u_rec_buf_wrapper/u_buf_rec/u_buf_rec_a:1248953976
/u_enc_top/u_enc_core/u_ime_top_buf/u_ime_top/ime_cost_store/ime_cost_store__GB3:1127389963
/u_enc_top/u_enc_core/u_ime_top_buf/u_ime_top/ime_ver_mem/vertical_memory/sram_sp_be_behave/sram_sp_be_behave__parameterized1__GB15:1187271666
/u_enc_top/u_enc_core/u_rec_top/rec_top__GC0:4205808844
/u_enc_top/u_enc_core/u_fme_top_buf/u_fme_top/satd_gen/sp2:942815983
/u_enc_top/u_enc_core/enc_core__GC0:2994478457
/u_enc_top/u_enc_core/u_ime_top_buf/u_ime_top/ime_sad_array/ime_sad_array__GB11:1104046239
/u_enc_top/u_enc_core/u_rec_top/u_tq_top/dct_2d/u_re/re_level0_int/u12_level0_cal:3758033992
/u_enc_top/u_enc_core/u_cabac_top/ucontext/cabac_ucontext__GB2:3496102406
/hdmi2yuv_top/hdmi2rgb/uicfg7611/uii2c_inst/uii2c__GC0:3697775499
/u_enc_top/u_enc_core/u_dbsao_top/u_sao_top/sao_top__GB1:2784187000
/u_enc_top/u_enc_core/u_rec_top/u_rec_buf_wrapper/u_buf_cef_rot/u_buf_cef_a/m_buf_cef_1:518212181
/u_enc_top/u_enc_core/u_rec_top/u_tq_top/dct_2d/u_re/re_level0_int/re_level0__GCB4:1101871532
/u_enc_top/u_enc_core/u_ime_top_buf/u_ime_top/ime_top__GC0:821580860
/u_enc_top/u_enc_core/u_dbsao_top/dbsao_top__GC0:2589950752
/u_enc_top/u_enc_core/u_dbsao_top/dbsao_datapath/dbsao_datapath__GB0:3635579001
/u_enc_top/u_enc_core/u_ime_top_buf/u_ime_top/ime_sad_array/ime_sad_array__GB2:1550966278
/u_enc_top/u_fetch_top/u_db/u_db_buf0:800824163
/u_enc_top/u_enc_core/u_rec_top/u_tq_top/dct_2d/u_re/re_level0_int/u11_level0_cal:3758033992
/u_enc_top/u_enc_core/u_ime_top_buf/u_ime_top/ime_ver_mem/vertical_memory/sram_sp_be_behave/sram_sp_be_behave__parameterized1__GB12:3634415185
/u_enc_top/u_enc_core/u_fme_top_buf/u_fme_top/satd_gen/sp0:942815983
/u_enc_top/u_enc_core/u_rec_top/u_tq_top/dct_2d/u_re/re_level0_int/re_level0__GCB6:2946717824
/u_enc_top/u_enc_core/u_rec_top/u_rec_buf_wrapper/rec_buf_wrapper__GCB0:2619204825
/u_enc_top/u_enc_core/u_rec_top/u_intra_top/u_intra_pred_a/intra_pred__GBM1:1068968716
/u_enc_top/u_enc_core/u_rec_top/u_tq_top/dct_2d/u_re/re_level0_int/u02_level0_cal:3758033992
/u_enc_top/u_fetch_top/u_ref_luma/ime_ref_pel_rshift_inferred:2661846061
/u_enc_top/u_fetch_top/u_cur_luma/cur_i02:2843311107
/u_enc_top/u_enc_core/u_ime_top_buf/u_ime_top/ime_sad_array/ime_sad_array__GB0:2994716458
/u_enc_top/u_enc_core/u_ime_top_buf/u_ime_top/ime_ver_mem/vertical_memory/sram_sp_be_behave/case__1870_sram_sp_be_behave__parameterized1__GD:652079632
/u_enc_top/u_enc_core/u_rec_top/u_tq_top/dct_2d/u_re/re_level0_int/u00_level0_cal:3758033992
/u_enc_top/u_enc_core/u_rec_top/u_rec_buf_wrapper/u_buf_cef_rot/u_buf_cef_b/m_buf_cef_1:518212181
/u_enc_top/u_enc_core/u_ime_top_buf/u_ime_top/ime_ver_mem/vertical_memory/sram_sp_be_behave/case__1872_sram_sp_be_behave__parameterized1__GD:3150964034
/u_enc_top/u_enc_core/u_fme_top_buf/u_fme_top/ip8x8/quarter_verical_interpolator/fme_ip_quarter_ver__GB0:80070506
/u_enc_top/u_enc_core/u_rec_top/u_tq_top/dct_2d/u_re/re_level0_int/u14_level0_cal:3758033992
/u_enc_top/u_enc_core/u_rec_top/u_tq_top/dct_2d/u_be/u2_be_level0:406282141
/u_enc_top/u_enc_core/u_rec_top/u_rec_buf_wrapper/u_buf_cef_rot/u_buf_cef_c/m_buf_cef_2:518212181
/u_enc_top/u_enc_core/u_posi_top_buf/u_posi_top/posi_reference/posi_reference__GB0:1063711361
/u_enc_top/u_enc_core/u_fme_top_buf/u_fme_top/satd_gen/sp1:942815983
/u_enc_top/u_enc_core/u_rec_top/u_tq_top/q_iq_0/quan_0/quan__GB1:892830881
/u_enc_top/u_enc_core/u_rec_top/u_rec_buf_wrapper/u_buf_cef_rot/rec_buf_cef_rot__GC0:2731080236
/u_enc_top/u_enc_core/u_cabac_top/cabac_top__GCB0:1456307271
/u_enc_top/u_enc_core/u_cabac_top/ucontext/cabac_ucontext__GB1:1231756220
/u_enc_top/u_enc_core/u_rec_top/u_rec_buf_wrapper/u_buf_cef_rot/u_buf_cef_c/m_buf_cef_3:518212181
/u_enc_top/u_enc_core/u_ime_top_buf/u_ime_top/ime_cost_store/ime_cost_store__GB4:3713404584
/u_enc_top/u_enc_core/u_rec_top/u_rec_buf_wrapper/u_buf_cef_rot/u_buf_cef_a/m_buf_cef_2:518212181
/u_enc_top/u_enc_core/u_rec_top/u_rec_buf_wrapper/u_buf_cef_rot/u_buf_cef_c/rec_buf_cef__GCM0:2140302726
/u_enc_top/u_enc_core/u_fme_top_buf/u_fme_top/satd_gen/sp5:942815983
/u_enc_top/u_enc_core/u_rec_top/u_rec_buf_wrapper/u_buf_cef_rot/u_buf_cef_b/m_buf_cef_2:518212181
/u_enc_top/u_enc_core/u_fme_top_buf/u_fme_top/satd_gen/sp4:942815983
/u_enc_top/u_enc_core/u_posi_top_buf/u_posi_top/posi_top__GC0:4146856694
/u_enc_top/u_enc_core/u_rec_top/u_rec_buf_wrapper/u_buf_cef_rot/u_buf_cef_a/m_buf_cef_3:518212181
/u_enc_top/u_fetch_top/u_db/u_db_buf1:800824163
/u_enc_top/u_enc_core/u_ime_top_buf/u_ime_top/ime_ver_mem/vertical_memory/sram_sp_be_behave/case__1865_sram_sp_be_behave__parameterized1__GD:642073371
/u_enc_top/u_enc_core/u_rec_top/u_tq_top/dct_2d/u_re/re_level1_int/re_level1__GB0:3395636813
/u_enc_top/u_enc_core/u_fme_top_buf/u_fme_top/ip8x8/half_vertical_interpolator/fme_ip_half_ver__GB0:1709636887
/u_enc_top/u_enc_core/u_fme_top_buf/u_fme_top/ip8x8/fme_interpolator_8x8__GC0:1118556426
/u_enc_top/u_enc_core/u_rec_top/u_tq_top/dct_2d/u_re/re_level0_int/u05_level0_cal:3758033992
/u_enc_top/u_enc_core/u_ime_top_buf/u_ime_top/ime_sad_array/ime_sad_array__GB9:3416459150
/u_enc_top/u_fetch_top/u_ref_luma/fetch_ref_luma__GB3:404359420
/u_enc_top/u_enc_core/u_cabac_top/cabac_bit_pack/cabac_bitpack__GB0:2579778610
/u_enc_top/u_enc_core/u_rec_top/u_tq_top/dct_2d/u_re/re_level0_int/u10_level0_cal:3758033992
/u_enc_top/u_enc_core/u_ime_top_buf/u_ime_top/ime_sad_array/ime_sad_array__GB14:832871440
/u_enc_top/u_enc_core/u_ime_top_buf/u_ime_top/ime_ver_mem/vertical_memory/sram_sp_be_behave/case__1869_sram_sp_be_behave__parameterized1__GD:3737861237
/u_enc_top/u_enc_core/u_rec_top/u_tq_top/dct_2d/u_re/re_level0_int/re_level0__GCB3:3754535951
/u_enc_top/u_enc_core/u_rec_top/u_rec_buf_wrapper/u_buf_cef_rot/u_buf_cef_b/rec_buf_cef__GCM0:2140302726
/u_enc_top/u_fetch_top/u_cur_luma/cur_p00:2843311107
/u_enc_top/u_enc_core/u_cabac_top/binsort:3045010309
/u_enc_top/u_enc_core/u_ime_top_buf/u_ime_top/ime_sad_array/ime_sad_array__GB10:919164937
/u_enc_top/u_enc_core/u_posi_top_buf/u_posi_top/posi_prediction/intra_pred/intra_pred__GBM0:1219500954
/u_enc_top/u_enc_core/u_fme_top_buf/u_fme_top/ip8x8/quarter_verical_interpolator/fme_ip_quarter_ver__GB2:3939214918
/u_enc_top/u_enc_core/u_ime_top_buf/ime_top_buf__GC0:2092002149
/u_enc_top/u_enc_core/u_cabac_top/cabac_prepare_se/cabac_se_prepare__GB1:3860299416
/u_enc_top/u_enc_core/u_rec_top/u_tq_top/dct_2d/u_be/u0_be_level0:406282141
/u_enc_top/u_enc_core/u_rec_top/u_intra_top/u_intra_pred_a/intra_pred__GBM0:1219500954
/u_enc_top/u_enc_core/u_ime_top_buf/u_ime_top/ime_ver_mem/vertical_memory/sram_sp_be_behave/case__1876_sram_sp_be_behave__parameterized1__GD:1520094631
/u_enc_top/u_enc_core/u_fme_top_buf/fme_rec_mem_0:949805689
/u_enc_top/u_enc_core/u_fme_top_buf/u_fme_top/satd_gen/fme_satd_gen__GC0:854406556
/u_enc_top/u_enc_core/u_ime_top_buf/u_ime_top/ime_ver_mem/vertical_memory/sram_sp_be_behave/case__1875_sram_sp_be_behave__parameterized1__GD:2298597724
/u_enc_top/u_enc_core/u_cabac_top/cabac_bit_pack/wire_mem_2_inferred:1018395922
/u_enc_top/u_enc_core/u_rec_top/u_rec_buf_wrapper/rec_buf_wrapper__GCB1:3944404047
/u_enc_top/u_fetch_top/u_cur_luma/cur_i03:2843311107
/hdmi2yuv_top/hdmi2yuv_top__GC0:3580712709
/u_enc_top/u_enc_core/u_rec_top/u_tq_top/dct_2d/u_re/re_level0_int/u04_level0_cal:3758033992
/u_enc_top/u_enc_core/u_rec_top/u_tq_top/dct_2d/u_re/re_level0_int/u01_level0_cal:3758033992
/u_enc_top/u_enc_core/u_ime_top_buf/u_ime_top/ime_sad_array/ime_sad_array__GB12:3636934949
/u_enc_top/u_fetch_top/u_db/u_db_buf2:800824163
/u_enc_top/u_enc_core/u_fme_top_buf/u_fme_top/u_fme_skip/sp0:3147622754
/u_enc_top/u_enc_core/u_rec_top/u_rec_buf_wrapper/u_buf_rec/rec_buf_rec_rot__GC0:3546059003
/u_enc_top/u_fetch_top/u_ref_luma/datapath__50_fetch_ref_luma__GD:2908593106
/u_enc_top/u_enc_core/u_rec_top/u_tq_top/dct_2d/u_re/re_level0_int/u13_level0_cal:3758033992
/u_enc_top/u_enc_core/u_rec_top/u_rec_buf_wrapper/u_buf_rec/u_buf_rec_b:1248953976
/u_enc_top/u_enc_core/u_rec_top/u_rec_buf_wrapper/u_buf_cef_rot/u_buf_cef_c/m_buf_cef_0:518212181
/u_enc_top/u_enc_core/u_posi_top_buf/posi_top_buf__GC0:3978584077
/hevc_encoder_system_top__GC0:2430488386
/u_enc_top/u_enc_core/u_rec_top/u_tq_top/dct_2d/u_re/re_level0_int/u07_level0_cal:3758033992
/u_enc_top/u_enc_core/u_ime_top_buf/u_ime_top/ime_ver_mem/vertical_memory/sram_sp_be_behave/case__1874_sram_sp_be_behave__parameterized1__GD:3347634933
/u_enc_top/u_enc_core/u_dbsao_top/dbsao_datapath/dbsao_datapath__GB2:918350165
/u_enc_top/u_enc_core/u_ime_top_buf/u_ime_top/ime_sad_array/ime_sad_array__GB3:729214608
/u_enc_top/u_enc_core/u_rec_top/u_tq_top/dct_2d/dct_top_2d__GCB1:678889713
/u_enc_top/u_fetch_top/fetch_top__GCB0:2803772683
/u_enc_top/u_enc_core/u_rec_top/u_rec_buf_wrapper/u_buf_cef_rot/u_buf_cef_b/m_buf_cef_0:518212181
/u_enc_top/u_fetch_top/u_cur_luma/fetch_cur_luma__GC0:3819851245
