/u_fdma_mig_ddr_mig_7series_0_0_mig/u_memc_ui_top_axi/mem_intfc0/ddr_phy_top0/u_ddr_calib_top/mig_7series_v4_2_ddr_calib_top__GB1:720715381
/u_fdma_mig_ddr_mig_7series_0_0_mig/u_memc_ui_top_axi/mem_intfc0/ddr_phy_top0/mig_7series_v4_2_ddr_phy_top__GC0:3114500061
/u_fdma_mig_ddr_mig_7series_0_0_mig/u_memc_ui_top_axi/mem_intfc0/ddr_phy_top0/u_ddr_mc_phy_wrapper/u_ddr_mc_phy/ddr_phy_4lanes_0.u_ddr_phy_4lanes/mig_7series_v4_2_ddr_phy_4lanes__GC0:2403261120
/u_fdma_mig_ddr_mig_7series_0_0_mig/fdma_mig_ddr_mig_7series_0_0_mig__GC0:3137737484
/u_fdma_mig_ddr_mig_7series_0_0_mig/u_memc_ui_top_axi/mem_intfc0/ddr_phy_top0/u_ddr_calib_top/mig_7series_v4_2_ddr_calib_top__GB0:1576144611
/u_fdma_mig_ddr_mig_7series_0_0_mig/u_memc_ui_top_axi/mem_intfc0/ddr_phy_top0/u_ddr_mc_phy_wrapper/u_ddr_mc_phy/ddr_phy_4lanes_0.u_ddr_phy_4lanes/ddr_byte_lane_C.ddr_byte_lane_C/mig_7series_v4_2_ddr_byte_lane__parameterized1__GC0:1771070353
/u_fdma_mig_ddr_mig_7series_0_0_mig/u_memc_ui_top_axi/mem_intfc0/ddr_phy_top0/u_ddr_mc_phy_wrapper/mig_7series_v4_2_ddr_mc_phy_wrapper__GC0:698508564
/u_fdma_mig_ddr_mig_7series_0_0_mig/u_memc_ui_top_axi/mem_intfc0/mc0:1558389845
/u_fdma_mig_ddr_mig_7series_0_0_mig/u_memc_ui_top_axi/mem_intfc0/ddr_phy_top0/u_ddr_mc_phy_wrapper/u_ddr_mc_phy/mig_7series_v4_2_ddr_mc_phy__GC0:265020715
/u_fdma_mig_ddr_mig_7series_0_0_mig/u_memc_ui_top_axi/mig_7series_v4_2_memc_ui_top_axi__GC0:3911980214
