#-----------------------------------------------------------
# Vivado v2022.1 (64-bit)
# SW Build 3526262 on Mon Apr 18 15:48:16 MDT 2022
# IP Build 3524634 on Mon Apr 18 20:55:01 MDT 2022
# Start of session at: Wed Apr 19 22:54:55 2023
# Process ID: 15496
# Current directory: E:/Project/xk265/hevc_encoder_system/hevc_encoder_system.runs/hevc_encoder_system_hdmi_adv7611_init_0_2_synth_1
# Command line: vivado.exe -log hevc_encoder_system_hdmi_adv7611_init_0_2.vds -product Vivado -mode batch -messageDb vivado.pb -notrace -source hevc_encoder_system_hdmi_adv7611_init_0_2.tcl
# Log file: E:/Project/xk265/hevc_encoder_system/hevc_encoder_system.runs/hevc_encoder_system_hdmi_adv7611_init_0_2_synth_1/hevc_encoder_system_hdmi_adv7611_init_0_2.vds
# Journal file: E:/Project/xk265/hevc_encoder_system/hevc_encoder_system.runs/hevc_encoder_system_hdmi_adv7611_init_0_2_synth_1\vivado.jou
# Running On: JingDevice, OS: Windows, CPU Frequency: 2112 MHz, CPU Physical cores: 4, Host memory: 17005 MB
#-----------------------------------------------------------
source hevc_encoder_system_hdmi_adv7611_init_0_2.tcl -notrace
