ime_cost_store: ime_cost_store__GB5, ime_cost_store__GB4, ime_cost_store__GB3, ime_cost_store__GB2, ime_cost_store__GB1, ime_cost_store__GB0, 
posi_top: posi_top__GC0, posi_prediction, posi_reference, 
rec_buf_wrapper: rec_buf_wrapper__GCB2, rec_buf_wrapper__GCB1, rec_buf_wrapper__GCB0, rec_buf_rec_rot, rec_buf_cef_rot, 
mem_bilo_db: mem_bilo_db, 
fetch_top: fetch_top__GCB1, fetch_top__GCB0, fetch_db, fetch_ref_luma, fetch_cur_luma, 
fetch_ref_luma: datapath__50_fetch_ref_luma__GD, fetch_ref_luma__GB3, fetch_ref_luma__GB2, fetch_ref_luma__GB0, muxpart__88_fetch_ref_luma, 
posi_top_buf: posi_top_buf__GC0, posi_top, 
ime_sad_array: ime_sad_array__GB12, ime_sad_array__GB0, ime_sad_array__GB3, ime_sad_array__GB7, ime_sad_array__GB10, ime_sad_array__GB9, ime_sad_array__GB8, ime_sad_array__GB5, ime_sad_array__GB13, ime_sad_array__GB1, ime_sad_array__GB4, ime_sad_array__GB14, ime_sad_array__GB11, ime_sad_array__GB2, ime_sad_array__GB6, 
enc_core: enc_core__GC0, cabac_top, dbsao_top, rec_top, fme_top_buf, ime_top_buf, posi_top_buf, 
cabac_top: cabac_top__GCB2, cabac_top__GCB0, cabac_bitpack, cabac_ucontext, cabac_binsort, cabac_se_prepare, 
sao_top: sao_top__GB1, sao_top__GB0, 
fme_satd_8x8: fme_satd_8x8, 
be: be__GC0, be_level0, 
posi_prediction: posi_prediction__GC0, intra_pred, 
fme_skip: fme_skip__GC0, fme_satd_8x8, 
fetch_cur_luma: fetch_cur_luma__GC0, mem_lipo_1p_128x64x4, 
rec_buf_rec: rec_buf_rec, 
fme_buf_wrapper: fme_buf_wrapper, 
be_level0: be_level0, 
dbsao_top: dbsao_top__GC0, sao_top, dbsao_datapath, 
fme_satd_gen: fme_satd_gen__GC0, fme_satd_8x8, 
cabac_bitpack: cabac_bitpack__GB0, muxpart__4973_cabac_bitpack, 
quan: quan__GB2, quan__GB1, quan__GB0, 
ime_top: ime_top__GC0, ime_cost_store, ime_sad_array, ime_dat_array, ime_ver_mem, 
fme_top: fme_top__GC0, fme_skip, fme_satd_gen, fme_interpolator_8x8, 
ime_top_buf: ime_top_buf__GC0, ime_top, 
rec_buf_rec_rot: rec_buf_rec_rot__GC0, rec_buf_rec, 
intra_pred: intra_pred__GBM1, intra_pred__GBM0, 
sram_sp_be_behave__parameterized1: case__1875_sram_sp_be_behave__parameterized1__GD, case__1877_sram_sp_be_behave__parameterized1__GD, sram_sp_be_behave__parameterized1__GB5, case__1867_sram_sp_be_behave__parameterized1__GD, case__1873_sram_sp_be_behave__parameterized1__GD, case__1864_sram_sp_be_behave__parameterized1__GD, sram_sp_be_behave__parameterized1__GB12, case__1876_sram_sp_be_behave__parameterized1__GD, case__1868_sram_sp_be_behave__parameterized1__GD, case__1871_sram_sp_be_behave__parameterized1__GD, case__1872_sram_sp_be_behave__parameterized1__GD, sram_sp_be_behave__parameterized1__GB15, case__1865_sram_sp_be_behave__parameterized1__GD, case__1874_sram_sp_be_behave__parameterized1__GD, case__1870_sram_sp_be_behave__parameterized1__GD, case__1869_sram_sp_be_behave__parameterized1__GD, 
fetch_db: fetch_db__GC0, mem_bilo_db, 
fme_ip_quarter_ver: fme_ip_quarter_ver__GB2, fme_ip_quarter_ver__GB1, fme_ip_quarter_ver__GB0, 
fme_top_buf: fme_top_buf__GC0, fme_buf_wrapper, fme_top, 
rec_top: rec_top__GC0, rec_buf_wrapper, tq_top, intra_top, 
posi_reference: posi_reference__GB1, posi_reference__GB0, 
tq_top: tq_top__GC0, q_iq, dct_top_2d, 
ime_dat_array: ime_dat_array, 
cabac_ucontext: cabac_ucontext__GB2, cabac_ucontext__GB1, cabac_ucontext__GB0, 
h265enc_top: h265enc_top__GC0, enc_core, fetch_top, 
cabac_se_prepare: cabac_se_prepare__GB1, cabac_se_prepare__GB0, 
ime_ver_mem: ime_ver_mem__GC0, ram_sp_be_192x512, 
mem_lipo_1p_128x64x4: mem_lipo_1p_128x64x4, 
fme_interpolator_8x8: fme_interpolator_8x8__GC0, fme_ip_quarter_ver, fme_ip_half_ver, 
dbsao_datapath: dbsao_datapath__GB3, dbsao_datapath__GB2, dbsao_datapath__GB1, dbsao_datapath__GB0, 
ram_sp_be_192x128: ram_sp_be_192x128, 
q_iq: q_iq__GC0, quan, 
re_level0: re_level0__GCB6, re_level0__GCB5, re_level0__GCB4, re_level0__GCB3, re_level0__GCB2, re_level0__GCB1, re_level0__GCB0, re_level0_cal, 
re: re__GC0, re_level1, re_level0, 
dct_top_2d: dct_top_2d__GCB1, dct_top_2d__GCB0, re, be, 
intra_top: intra_top__GC0, intra_pred, 
cabac_binsort: cabac_binsort, 
re_level0_cal: re_level0_cal, 
fme_ip_half_ver: fme_ip_half_ver__GB1, fme_ip_half_ver__GB0, 
ram_sp_be_192x512: sram_sp_be_behave__parameterized1, 
rec_buf_cef_rot: rec_buf_cef_rot__GC0, rec_buf_cef, 
rec_buf_cef: rec_buf_cef__GCM0, ram_sp_be_192x128, 
re_level1: re_level1__GB1, re_level1__GB0, 
